// Jest Snapshot v1, https://goo.gl/fbAQLP

exports[`renders correctly 1`] = `
<header
  class="header"
>
  <h1>
    Web­schnitt­stellen - Ver­gleich von ver­schie­denen Pro­gram­mier­spra­chen und Frame­works zur Er­stel­lung von REST-Schnitts­tellen
  </h1>
  <div
    class="additional-info"
  >
    <b>
      Bachelorarbeit von 
      <a
        href="https://lukasgrimm.me"
      >
        Lukas Grimm
      </a>
    </b>
    <i>
      an der 
      <a
        href="https://www.htw-berlin.de"
      >
        Hochschule für Technik und Wirtschaft Berlin
      </a>
    </i>
    <span>
      Version: 
      0.1.0
    </span>
  </div>
</header>
`;
