// Jest Snapshot v1, https://goo.gl/fbAQLP

exports[`renders correctly 1`] = `
<div
  className="create-post"
>
  <h1
    className="title"
  >
    Create post
  </h1>
  <form
    className="post-form"
  >
    <div
      className="text-input"
    >
      <label
        className="label"
        htmlFor={0.5}
      >
        Title
      </label>
      <input
        className="input-field"
        defaultValue=""
        id={0.5}
        onChange={[Function]}
        placeholder="Title"
        type="text"
      />
    </div>
    <div
      className="text-input"
    >
      <label
        className="label"
        htmlFor={0.5}
      >
        Description
      </label>
      <input
        className="input-field"
        defaultValue=""
        id={0.5}
        onChange={[Function]}
        placeholder="Description"
        type="text"
      />
    </div>
  </form>
  <div
    className="button-container"
  >
    <button
      className="button cancel"
    >
      Cancel
    </button>
    <button
      className="button"
    >
      Create
    </button>
  </div>
</div>
`;
