// Jest Snapshot v1, https://goo.gl/fbAQLP

exports[`renders correctly 1`] = `
<div
  className="toolbar"
>
  <span
    className="right-align"
  >
    <a
      className="button"
      href="/post/create"
      onClick={[Function]}
    >
      Create post
    </a>
    <div>
      false
    </div>
  </span>
</div>
`;
