// Jest Snapshot v1, https://goo.gl/fbAQLP

exports[`renders correctly 1`] = `
<div
  className="toolbar"
>
  <span
    className="right-align"
  >
    <a
      className="button-link"
      href="/post/create"
      onClick={[Function]}
    >
      Create post
    </a>
    <select
      className="select-box"
    >
      <option>
        Java - Spring
      </option>
      <option>
        Java - JaxRS
      </option>
      <option>
        C# - ASP.NET
      </option>
    </select>
  </span>
</div>
`;
